\BOOKMARK [1][-]{section.1}{\376\377\117\125\060\222\123\326\137\227\060\127\060\001\117\125\060\153\117\177\060\110\060\213\060\113}{}% 1
\BOOKMARK [1][-]{section.2}{\376\377\123\237\121\170\060\150\060\001\133\237\226\233\060\153\123\326\137\227\060\127\060\137\060\325\060\241\060\244\060\353}{}% 2
\BOOKMARK [2][-]{subsection.2.1}{\376\377\152\031\156\226\125\117\230\114\377\032\000S\000c\000h\000o\000l\000l\060\156\221\115\136\003\060\307\060\374\060\277}{section.2}% 3
\BOOKMARK [2][-]{subsection.2.2}{\376\377\133\237\156\054\212\030\223\062\377\032\000S\000t\000.\000G\000a\000l\000l\000e\000n\131\047\133\146\060\156\134\017\127\213\133\237\232\023\135\345\130\064}{section.2}% 4
\BOOKMARK [1][-]{section.3}{\376\377\152\031\156\226\125\117\230\114\060\222\060\151\060\106\000J\000S\000O\000N\060\170\131\011\060\110\060\137\060\113}{}% 5
\BOOKMARK [2][-]{subsection.3.1}{\376\377\123\237\060\325\060\241\060\244\060\353\060\156\212\255\060\177\145\271}{section.3}% 6
\BOOKMARK [2][-]{subsection.3.2}{\376\377\000J\000A\000C\000K\000S\000O\000N\060\156\143\245\175\232\060\222\133\237\226\233\060\153\211\213\060\213}{section.3}% 7
\BOOKMARK [1][-]{section.4}{\376\377\152\031\156\226\125\117\230\114\060\153\217\375\122\240\060\127\060\137\116\356\133\232}{}% 8
\BOOKMARK [1][-]{section.5}{\376\377\133\237\232\023\135\345\130\064\060\355\060\260\060\113\060\211\117\125\060\222\142\275\121\372\060\127\060\137\060\113}{}% 9
\BOOKMARK [2][-]{subsection.5.1}{\376\377\155\367\127\050\060\127\060\137\212\030\223\062\060\222\060\001\060\135\060\156\060\176\060\176\136\163\127\107\060\127\060\152\060\104}{section.5}% 10
\BOOKMARK [2][-]{subsection.5.2}{\376\377\146\102\225\223\060\150\230\006\136\217\060\156\170\272\212\215}{section.5}% 11
\BOOKMARK [1][-]{section.6}{\376\377\133\237\156\054\060\113\060\211\137\227\060\137\0001\0000\135\345\172\013\060\156\120\044}{}% 12
\BOOKMARK [2][-]{subsection.6.1}{\376\377\232\330\150\041\060\156\145\160\133\146\060\147\212\255\060\201\060\213\136\163\127\107\060\150\060\160\060\211\060\144\060\115}{section.6}% 13
\BOOKMARK [1][-]{section.7}{\376\377\133\237\156\054\165\061\147\145\060\156\000J\000S\000O\000N\060\222\0002\172\056\230\136\060\153\060\127\060\137\164\006\165\061}{}% 14
\BOOKMARK [2][-]{subsection.7.1}{\376\377\060\176\060\132\117\177\060\106\133\232\145\160\162\110}{section.7}% 15
\BOOKMARK [2][-]{subsection.7.2}{\376\377\170\272\163\207\166\204\060\152\212\010\173\227\060\222\212\146\060\131\217\321\117\074\162\110}{section.7}% 16
\BOOKMARK [1][-]{section.8}{\376\377\145\342\133\130\060\327\060\355\060\260\060\351\060\340\060\147\225\213\060\117\145\271\154\325\060\150\175\350\226\306\146\102\060\156\154\350\141\017}{}% 17
\BOOKMARK [2][-]{subsection.8.1}{\376\377\121\145\122\233\060\325\060\241\060\244\060\353\060\150\145\342\133\232\147\141\116\366}{section.8}% 18
\BOOKMARK [2][-]{subsection.8.2}{\376\377\000J\000S\000O\000N\060\156\060\151\060\156\220\350\122\006\060\222\117\177\060\143\060\146\060\104\060\213\060\113}{section.8}% 19
\BOOKMARK [1][-]{section.9}{\376\377\133\237\226\233\060\153\210\114\060\143\060\137\151\034\212\074\060\150\060\001\060\135\060\156\141\017\124\163}{}% 20
\BOOKMARK [2][-]{subsection.9.1}{\376\377\145\342\133\232\147\141\116\366\060\147\060\156\212\010\173\227\117\213}{section.9}% 21
\BOOKMARK [1][-]{section.10}{\376\377\170\024\172\166\060\150\060\127\060\146\060\001\117\125\060\114\212\000\060\110\060\146\117\125\060\114\212\262\230\114\060\113}{}% 22
\BOOKMARK [2][-]{subsection.10.1}{\376\377\116\312\060\131\060\120\117\177\060\110\060\213\170\024\172\166\060\156\175\104\060\177\172\313\060\146\145\271}{section.10}% 23
\BOOKMARK [2][-]{subsection.10.2}{\376\377\163\376\146\102\160\271\060\147\153\213\060\213\116\073\211\201\060\152\125\117\230\114}{section.10}% 24
\BOOKMARK [1][-]{section.11}{\376\377\121\215\163\376\142\113\230\006\060\001\122\051\165\050\147\141\116\366\060\001\123\302\200\003\145\207\163\056}{}% 25
\BOOKMARK [2][-]{subsection.11.1}{\376\377\121\103\060\307\060\374\060\277\060\113\060\211\117\134\060\212\166\364\060\131}{section.11}% 26
\BOOKMARK [2][-]{subsection.11.2}{\376\377\122\051\165\050\147\141\116\366\060\202\121\372\121\170\060\150\116\000\175\322\060\153\153\213\060\131}{section.11}% 27
\BOOKMARK [1][-]{appendix.A}{\376\377\133\237\156\054\060\342\060\307\060\353\060\156\000I\000D\060\150\123\237\212\030\223\062\060\156\133\376\137\334}{}% 28
\BOOKMARK [2][-]{subsection.A.1}{\376\377\211\263\156\054\120\044\060\222\060\137\060\151\060\213\117\213}{appendix.A}% 29
